# compiler: R8
# compiler_version: 2.0.88
# pg_map_id: 355bc64
# common_typos_disable
net.amdtelecom.sdk.BuildConfig -> net.amdtelecom.sdk.BuildConfig:
    1:1:void <init>():6:6 -> <init>
net.amdtelecom.sdk.Initialization -> net.amdtelecom.sdk.Initialization:
    android.content.Context initializedContext -> b
    com.android.volley.RequestQueue queue -> a
    1:1:void <init>():19:19 -> <init>
    1:26:void getRequest():31:56 -> getRequest
    1:2:java.lang.String getString(java.lang.String):61:62 -> getString
    1:2:void init(android.content.Context):25:26 -> init
net.amdtelecom.sdk.Initialization$1 -> net.amdtelecom.sdk.Initialization$a:
    1:1:void <init>():38:38 -> <init>
    1:1:void onResponse(java.lang.Object):38:38 -> onResponse
    2:2:void onResponse(java.lang.String):42:42 -> onResponse
    2:2:void onResponse(java.lang.Object):38 -> onResponse
net.amdtelecom.sdk.Initialization$2 -> net.amdtelecom.sdk.Initialization$b:
    1:1:void <init>():44:44 -> <init>
    1:1:void onErrorResponse(com.android.volley.VolleyError):47:47 -> onErrorResponse
net.amdtelecom.sdk.Initialization$3 -> net.amdtelecom.sdk.Initialization$c:
    java.util.Map val$params -> a
    1:1:void <init>(int,java.lang.String,com.android.volley.Response$Listener,com.android.volley.Response$ErrorListener,java.util.Map):49:49 -> <init>
    1:1:java.util.Map getHeaders():52:52 -> getHeaders
